[2026-05-28 03:02:57,288] torch.distributed.run: [WARNING] master_addr is only used for static rdzv_backend and when rdzv_endpoint is not specified.
[2026-05-28 03:02:57,288] torch.distributed.run: [WARNING] 
[2026-05-28 03:02:57,288] torch.distributed.run: [WARNING] *****************************************
[2026-05-28 03:02:57,288] torch.distributed.run: [WARNING] Setting OMP_NUM_THREADS environment variable for each process to be 1 in default, to avoid your system being overloaded, please further tune the variable for optimal performance in your application as needed. 
[2026-05-28 03:02:57,288] torch.distributed.run: [WARNING] *****************************************
[2026-05-28 03:09:07,391] torch.distributed.elastic.agent.server.api: [WARNING] Received Signals.SIGTERM death signal, shutting down workers
[2026-05-28 03:09:07,391] torch.distributed.elastic.multiprocessing.api: [WARNING] Sending process 2382149 closing signal SIGTERM
[2026-05-28 03:09:07,391] torch.distributed.elastic.multiprocessing.api: [WARNING] Sending process 2382150 closing signal SIGTERM
[2026-05-28 03:09:07,391] torch.distributed.elastic.multiprocessing.api: [WARNING] Sending process 2382151 closing signal SIGTERM
[2026-05-28 03:09:07,391] torch.distributed.elastic.multiprocessing.api: [WARNING] Sending process 2382152 closing signal SIGTERM
Traceback (most recent call last):
  File "/home/zlj/.miniconda3/envs/tgnn_3.10/bin/torchrun", line 8, in <module>
    sys.exit(main())
  File "/home/zlj/.miniconda3/envs/tgnn_3.10/lib/python3.10/site-packages/torch/distributed/elastic/multiprocessing/errors/__init__.py", line 346, in wrapper
    return f(*args, **kwargs)
  File "/home/zlj/.miniconda3/envs/tgnn_3.10/lib/python3.10/site-packages/torch/distributed/run.py", line 806, in main
    run(args)
  File "/home/zlj/.miniconda3/envs/tgnn_3.10/lib/python3.10/site-packages/torch/distributed/run.py", line 797, in run
    elastic_launch(
  File "/home/zlj/.miniconda3/envs/tgnn_3.10/lib/python3.10/site-packages/torch/distributed/launcher/api.py", line 134, in __call__
    return launch_agent(self._config, self._entrypoint, list(args))
  File "/home/zlj/.miniconda3/envs/tgnn_3.10/lib/python3.10/site-packages/torch/distributed/launcher/api.py", line 255, in launch_agent
    result = agent.run()
  File "/home/zlj/.miniconda3/envs/tgnn_3.10/lib/python3.10/site-packages/torch/distributed/elastic/metrics/api.py", line 124, in wrapper
    result = f(*args, **kwargs)
  File "/home/zlj/.miniconda3/envs/tgnn_3.10/lib/python3.10/site-packages/torch/distributed/elastic/agent/server/api.py", line 736, in run
    result = self._invoke_run(role)
  File "/home/zlj/.miniconda3/envs/tgnn_3.10/lib/python3.10/site-packages/torch/distributed/elastic/agent/server/api.py", line 877, in _invoke_run
    time.sleep(monitor_interval)
  File "/home/zlj/.miniconda3/envs/tgnn_3.10/lib/python3.10/site-packages/torch/distributed/elastic/multiprocessing/api.py", line 62, in _terminate_process_handler
    raise SignalException(f"Process {os.getpid()} got signal: {sigval}", sigval=sigval)
torch.distributed.elastic.multiprocessing.api.SignalException: Process 2382075 got signal: 15
