[2026-06-09 19:45:00] reuse artifact artifacts/bench_LASTFM_bs4000_fanout10_1ep_4gpu_featcuda_memshare_public_historical
[2026-06-09 19:45:00] run LASTFM_bs4000_fanout10_1ep_4gpu_featcuda_memshare_public_historical
[2026-06-09 19:45:02,115] torch.distributed.run: [WARNING] master_addr is only used for static rdzv_backend and when rdzv_endpoint is not specified.
[2026-06-09 19:45:02,115] torch.distributed.run: [WARNING] 
[2026-06-09 19:45:02,115] torch.distributed.run: [WARNING] *****************************************
[2026-06-09 19:45:02,115] torch.distributed.run: [WARNING] Setting OMP_NUM_THREADS environment variable for each process to be 1 in default, to avoid your system being overloaded, please further tune the variable for optimal performance in your application as needed. 
[2026-06-09 19:45:02,115] torch.distributed.run: [WARNING] *****************************************
libibverbs: Warning: couldn't load driver 'libsiw-rdmav34.so': libsiw-rdmav34.so: cannot open shared object file: No such file or directory
libibverbs: Warning: couldn't load driver 'libsiw-rdmav34.so': libsiw-rdmav34.so: cannot open shared object file: No such file or directory
libibverbs: Warning: couldn't load driver 'libbnxt_re-rdmav34.so': libbnxt_re-rdmav34.so: cannot open shared object file: No such file or directory
libibverbs: Warning: couldn't load driver 'libbnxt_re-rdmav34.so': libbnxt_re-rdmav34.so: cannot open shared object file: No such file or directory
libibverbs: Warning: couldn't load driver 'libhns-rdmav34.so': libhns-rdmav34.so: cannot open shared object file: No such file or directory
libibverbs: Warning: couldn't load driver 'libhns-rdmav34.so': libhns-rdmav34.so: cannot open shared object file: No such file or directory
libibverbs: Warning: couldn't load driver 'libqedr-rdmav34.so': libqedr-rdmav34.so: cannot open shared object file: No such file or directory
libibverbs: Warning: couldn't load driver 'libqedr-rdmav34.so': libqedr-rdmav34.so: cannot open shared object file: No such file or directory
libibverbs: Warning: couldn't load driver 'libmthca-rdmav34.so': libmthca-rdmav34.so: cannot open shared object file: No such file or directory
libibverbs: Warning: couldn't load driver 'libmthca-rdmav34.so': libmthca-rdmav34.so: cannot open shared object file: No such file or directory
libibverbs: Warning: couldn't load driver 'libcxgb4-rdmav34.so': libcxgb4-rdmav34.so: cannot open shared object file: No such file or directory
libibverbs: Warning: couldn't load driver 'libcxgb4-rdmav34.so': libcxgb4-rdmav34.so: cannot open shared object file: No such file or directory
libibverbs: Warning: couldn't load driver 'libhfi1verbs-rdmav34.so': libhfi1verbs-rdmav34.so: cannot open shared object file: No such file or directory
libibverbs: Warning: couldn't load driver 'libhfi1verbs-rdmav34.so': libhfi1verbs-rdmav34.so: cannot open shared object file: No such file or directory
libibverbs: Warning: couldn't load driver 'libmlx4-rdmav34.so': libmlx4-rdmav34.so: cannot open shared object file: No such file or directory
libibverbs: Warning: couldn't load driver 'libmlx4-rdmav34.so': libmlx4-rdmav34.so: cannot open shared object file: No such file or directory
libibverbs: Warning: couldn't load driver 'libefa-rdmav34.so': libefa-rdmav34.so: cannot open shared object file: No such file or directory
libibverbs: Warning: couldn't load driver 'libefa-rdmav34.so': libefa-rdmav34.so: cannot open shared object file: No such file or directory
libibverbs: Warning: couldn't load driver 'libipathverbs-rdmav34.so': libipathverbs-rdmav34.so: cannot open shared object file: No such file or directory
libibverbs: Warning: couldn't load driver 'libipathverbs-rdmav34.so': libipathverbs-rdmav34.so: cannot open shared object file: No such file or directory
libibverbs: Warning: couldn't load driver 'libocrdma-rdmav34.so': libocrdma-rdmav34.so: cannot open shared object file: No such file or directory
libibverbs: Warning: couldn't load driver 'libocrdma-rdmav34.so': libocrdma-rdmav34.so: cannot open shared object file: No such file or directory
libibverbs: Warning: couldn't load driver 'libvmw_pvrdma-rdmav34.so': libvmw_pvrdma-rdmav34.so: cannot open shared object file: No such file or directory
libibverbs: Warning: couldn't load driver 'libvmw_pvrdma-rdmav34.so': libvmw_pvrdma-rdmav34.so: cannot open shared object file: No such file or directory
libibverbs: Warning: couldn't load driver 'librxe-rdmav34.so': librxe-rdmav34.so: cannot open shared object file: No such file or directory
libibverbs: Warning: couldn't load driver 'librxe-rdmav34.so': librxe-rdmav34.so: cannot open shared object file: No such file or directory
libibverbs: Warning: couldn't load driver 'libsiw-rdmav34.so': libsiw-rdmav34.so: cannot open shared object file: No such file or directory
libibverbs: Warning: couldn't load driver 'libsiw-rdmav34.so': libsiw-rdmav34.so: cannot open shared object file: No such file or directory
libibverbs: Warning: couldn't load driver 'libbnxt_re-rdmav34.so': libbnxt_re-rdmav34.so: cannot open shared object file: No such file or directory
libibverbs: Warning: couldn't load driver 'libbnxt_re-rdmav34.so': libbnxt_re-rdmav34.so: cannot open shared object file: No such file or directory
libibverbs: Warning: couldn't load driver 'libhns-rdmav34.so': libhns-rdmav34.so: cannot open shared object file: No such file or directory
libibverbs: Warning: couldn't load driver 'libhns-rdmav34.so': libhns-rdmav34.so: cannot open shared object file: No such file or directory
libibverbs: Warning: couldn't load driver 'libqedr-rdmav34.so': libqedr-rdmav34.so: cannot open shared object file: No such file or directory
libibverbs: Warning: couldn't load driver 'libqedr-rdmav34.so': libqedr-rdmav34.so: cannot open shared object file: No such file or directory
libibverbs: Warning: couldn't load driver 'libmthca-rdmav34.so': libmthca-rdmav34.so: cannot open shared object file: No such file or directory
libibverbs: Warning: couldn't load driver 'libmthca-rdmav34.so': libmthca-rdmav34.so: cannot open shared object file: No such file or directory
libibverbs: Warning: couldn't load driver 'libcxgb4-rdmav34.so': libcxgb4-rdmav34.so: cannot open shared object file: No such file or directory
libibverbs: Warning: couldn't load driver 'libcxgb4-rdmav34.so': libcxgb4-rdmav34.so: cannot open shared object file: No such file or directory
libibverbs: Warning: couldn't load driver 'libhfi1verbs-rdmav34.so': libhfi1verbs-rdmav34.so: cannot open shared object file: No such file or directory
libibverbs: Warning: couldn't load driver 'libhfi1verbs-rdmav34.so': libhfi1verbs-rdmav34.so: cannot open shared object file: No such file or directory
libibverbs: Warning: couldn't load driver 'libmlx4-rdmav34.so': libmlx4-rdmav34.so: cannot open shared object file: No such file or directory
libibverbs: Warning: couldn't load driver 'libmlx4-rdmav34.so': libmlx4-rdmav34.so: cannot open shared object file: No such file or directory
libibverbs: Warning: couldn't load driver 'libefa-rdmav34.so': libefa-rdmav34.so: cannot open shared object file: No such file or directory
libibverbs: Warning: couldn't load driver 'libefa-rdmav34.so': libefa-rdmav34.so: cannot open shared object file: No such file or directory
libibverbs: Warning: couldn't load driver 'libipathverbs-rdmav34.so': libipathverbs-rdmav34.so: cannot open shared object file: No such file or directory
libibverbs: Warning: couldn't load driver 'libipathverbs-rdmav34.so': libipathverbs-rdmav34.so: cannot open shared object file: No such file or directory
libibverbs: Warning: couldn't load driver 'libocrdma-rdmav34.so': libocrdma-rdmav34.so: cannot open shared object file: No such file or directory
libibverbs: Warning: couldn't load driver 'libocrdma-rdmav34.so': libocrdma-rdmav34.so: cannot open shared object file: No such file or directory
libibverbs: Warning: couldn't load driver 'libvmw_pvrdma-rdmav34.so': libvmw_pvrdma-rdmav34.so: cannot open shared object file: No such file or directory
libibverbs: Warning: couldn't load driver 'libvmw_pvrdma-rdmav34.so': libvmw_pvrdma-rdmav34.so: cannot open shared object file: No such file or directory
libibverbs: Warning: couldn't load driver 'librxe-rdmav34.so': librxe-rdmav34.so: cannot open shared object file: No such file or directory
libibverbs: Warning: couldn't load driver 'librxe-rdmav34.so': librxe-rdmav34.so: cannot open shared object file: No such file or directory
get_neighbors consume: 0.0647441s
get_neighbors consume: 0.0656235s
get_neighbors consume: 0.0641313s
get_neighbors consume: 0.0632805s
{"epoch": 0, "rank": 0, "test": {"ap": 0.7007400101684338, "auc": 0.7176831956759202, "loss": 1.6600189581513405}, "timing": {"epoch_wall_seconds": 5.739228317514062, "other_wall_seconds": 0.008006436750292778, "test_wall_seconds": 0.7037133332341909, "train_call_wall_seconds": 4.075658533722162, "train_metrics_reduce_wall_seconds": 0.006996926851570606, "train_reported_seconds": 4.101682680658996, "train_wrapper_gap_seconds": 0.0, "val_wall_seconds": 0.951850013807416}, "train": {"backend_batch_build_seconds": 0.42768061719834805, "backend_batches": 828.0, "backend_build_edge_feature_layout_seconds": 0.004072234965860844, "backend_build_mailbox_layout_seconds": 0.0009969975799322128, "backend_build_memory_layout_seconds": 0.1743854247033596, "backend_build_node_feature_layout_seconds": 0.09359466284513474, "backend_compact_fill_seconds": 0.021960987709462643, "backend_compact_index_edges": 6876802.25, "backend_compact_index_frontier_nodes": 1671405.25, "backend_compact_index_seconds": 0.3684272328391671, "backend_compact_index_unique_edges": 1416787.25, "backend_compact_index_unique_nodes": 1671405.25, "backend_compact_root_seconds": 0.11074457876384258, "backend_compact_total_seconds": 0.5238098725676537, "backend_convert_sampling_output_seconds": 0.14128577057272196, "backend_get_sampling_output_seconds": 0.6517299031838775, "backend_materialize_create_seconds": 0.2593567846342921, "backend_materialize_move_seconds": 0.04128468129783869, "backend_materialize_seconds": 0.3004814926534891, "backend_negative_attach_seconds": 0.24265100434422493, "backend_neighbor_sample_from_nodes_seconds": 0.2830609306693077, "backend_patch_inputs_seconds": 0.26726966816931963, "backend_remap_dst_mismatch_count": 0.0, "backend_remap_src_mismatch_count": 0.0, "backend_root_remap_seconds": 0.02756786346435547, "backend_sampling_native_seconds": 1.0679320534691215, "backend_sampling_request_seconds": 0.03001768048852682, "backend_sampling_seconds": 1.0951781813055277, "backend_submit_edge_feature_seconds": 0.12991767842322588, "backend_submit_mailbox_seconds": 0.0, "backend_submit_memory_mailbox_seconds": 0.22021398786455393, "backend_submit_memory_seconds": 0.0, "backend_submit_node_feature_seconds": 0.19255920499563217, "backend_submit_reads_seconds": 0.5404278477653861, "backend_train_edge_filter_dropped_edges": 0.0, "backend_train_edge_filter_input_edges": 0.0, "backend_train_edge_filter_kept_edges": 0.0, "backend_wait_edge_feature_seconds": 0.019345540553331375, "backend_wait_mailbox_seconds": 0.0, "backend_wait_memory_mailbox_seconds": 0.04399424325674772, "backend_wait_memory_seconds": 0.0, "backend_wait_node_feature_seconds": 0.024122199043631554, "backend_wait_patch_seconds": 0.11895350180566311, "component_communication_seconds": 1.3730664877220988, "component_sampling_seconds": 1.7501871893182397, "component_training_seconds": 2.4465051628649235, "component_unaccounted_seconds": 0.0, "loss": 2.1703395945726385, "mailbox_replica_index_build_wall_seconds": 0.0, "memory_commit_hook_build_wall_seconds": 2.6392750442028046e-05, "memory_replica_index_build_wall_seconds": 0.0, "seconds": 4.101682680658996, "stage_accounted_seconds": 3.429605135694146, "stage_backward_seconds": 0.570800288580358, "stage_batch_wait_seconds": 1.2665647892281413, "stage_batches": 828.0, "stage_encode_seconds": 1.077628874219954, "stage_finalize_seconds": 9.19979065656662e-05, "stage_head_loss_seconds": 0.1543226856738329, "stage_mailbox_commit_row_fallback_count": 0.0, "stage_mailbox_commit_row_path_count": 0.0, "stage_memory_commit_build_seconds": 0.31144022662192583, "stage_memory_commit_mailbox_edge_select_seconds": 0.006231299601495266, "stage_memory_commit_replica_build_seconds": 0.00026918482035398483, "stage_memory_commit_row_fallback_count": 0.0, "stage_memory_commit_row_path_count": 207.0, "stage_memory_commit_seconds": 0.0007881168276071548, "stage_memory_commit_submit_seconds": 0.26494337245821953, "stage_memory_commit_wait_sync_seconds": 0.29568147379904985, "stage_metrics_seconds": 0.0, "stage_optimizer_all_reduce_seconds": 0.02025166992098093, "stage_optimizer_copyback_seconds": 0.08819353207945824, "stage_optimizer_flatten_seconds": 0.04988131206482649, "stage_optimizer_step_seconds": 0.38423418067395687, "stage_optimizer_steps": 207.0, "stage_optimizer_sync_seconds": 0.16325144562870264, "stage_sync_backward_seconds": 7.764901965856552e-05, "stage_sync_batch_wait_seconds": 9.855255484580994e-05, "stage_sync_encode_seconds": 0.00014245416969060898, "stage_sync_epoch_tail_seconds": 1.6391277313232422e-07, "stage_sync_finalize_seconds": 3.175809979438782e-07, "stage_sync_head_loss_seconds": 0.00012994371354579926, "stage_sync_memory_commit_seconds": 0.0001380573958158493, "stage_sync_metrics_seconds": 0.0, "stage_sync_optimizer_step_seconds": 0.00011376943439245224, "stage_unaccounted_seconds": 0.7090723589062691, "stage_wall_seconds": 4.101682680658996, "train_epoch_call_wall_seconds": 4.102017208002508, "train_metrics_reduce_wall_seconds": 0.006996926851570606}, "val": {"ap": 0.7181512307346052, "auc": 0.7570243815919138, "loss": 1.529916104106676}}
{"epochs": [{"epoch": 0, "test": {"ap": 0.7007400101684338, "auc": 0.7176831956759202, "loss": 1.6600189581513405}, "timing": {"epoch_wall_seconds": 5.739228317514062, "other_wall_seconds": 0.008006436750292778, "test_wall_seconds": 0.7037133332341909, "train_call_wall_seconds": 4.075658533722162, "train_metrics_reduce_wall_seconds": 0.006996926851570606, "train_reported_seconds": 4.101682680658996, "train_wrapper_gap_seconds": 0.0, "val_wall_seconds": 0.951850013807416}, "train": {"backend_batch_build_seconds": 0.42768061719834805, "backend_batches": 828.0, "backend_build_edge_feature_layout_seconds": 0.004072234965860844, "backend_build_mailbox_layout_seconds": 0.0009969975799322128, "backend_build_memory_layout_seconds": 0.1743854247033596, "backend_build_node_feature_layout_seconds": 0.09359466284513474, "backend_compact_fill_seconds": 0.021960987709462643, "backend_compact_index_edges": 6876802.25, "backend_compact_index_frontier_nodes": 1671405.25, "backend_compact_index_seconds": 0.3684272328391671, "backend_compact_index_unique_edges": 1416787.25, "backend_compact_index_unique_nodes": 1671405.25, "backend_compact_root_seconds": 0.11074457876384258, "backend_compact_total_seconds": 0.5238098725676537, "backend_convert_sampling_output_seconds": 0.14128577057272196, "backend_get_sampling_output_seconds": 0.6517299031838775, "backend_materialize_create_seconds": 0.2593567846342921, "backend_materialize_move_seconds": 0.04128468129783869, "backend_materialize_seconds": 0.3004814926534891, "backend_negative_attach_seconds": 0.24265100434422493, "backend_neighbor_sample_from_nodes_seconds": 0.2830609306693077, "backend_patch_inputs_seconds": 0.26726966816931963, "backend_remap_dst_mismatch_count": 0.0, "backend_remap_src_mismatch_count": 0.0, "backend_root_remap_seconds": 0.02756786346435547, "backend_sampling_native_seconds": 1.0679320534691215, "backend_sampling_request_seconds": 0.03001768048852682, "backend_sampling_seconds": 1.0951781813055277, "backend_submit_edge_feature_seconds": 0.12991767842322588, "backend_submit_mailbox_seconds": 0.0, "backend_submit_memory_mailbox_seconds": 0.22021398786455393, "backend_submit_memory_seconds": 0.0, "backend_submit_node_feature_seconds": 0.19255920499563217, "backend_submit_reads_seconds": 0.5404278477653861, "backend_train_edge_filter_dropped_edges": 0.0, "backend_train_edge_filter_input_edges": 0.0, "backend_train_edge_filter_kept_edges": 0.0, "backend_wait_edge_feature_seconds": 0.019345540553331375, "backend_wait_mailbox_seconds": 0.0, "backend_wait_memory_mailbox_seconds": 0.04399424325674772, "backend_wait_memory_seconds": 0.0, "backend_wait_node_feature_seconds": 0.024122199043631554, "backend_wait_patch_seconds": 0.11895350180566311, "component_communication_seconds": 1.3730664877220988, "component_sampling_seconds": 1.7501871893182397, "component_training_seconds": 2.4465051628649235, "component_unaccounted_seconds": 0.0, "loss": 2.1703395945726385, "mailbox_replica_index_build_wall_seconds": 0.0, "memory_commit_hook_build_wall_seconds": 2.6392750442028046e-05, "memory_replica_index_build_wall_seconds": 0.0, "seconds": 4.101682680658996, "stage_accounted_seconds": 3.429605135694146, "stage_backward_seconds": 0.570800288580358, "stage_batch_wait_seconds": 1.2665647892281413, "stage_batches": 828.0, "stage_encode_seconds": 1.077628874219954, "stage_finalize_seconds": 9.19979065656662e-05, "stage_head_loss_seconds": 0.1543226856738329, "stage_mailbox_commit_row_fallback_count": 0.0, "stage_mailbox_commit_row_path_count": 0.0, "stage_memory_commit_build_seconds": 0.31144022662192583, "stage_memory_commit_mailbox_edge_select_seconds": 0.006231299601495266, "stage_memory_commit_replica_build_seconds": 0.00026918482035398483, "stage_memory_commit_row_fallback_count": 0.0, "stage_memory_commit_row_path_count": 207.0, "stage_memory_commit_seconds": 0.0007881168276071548, "stage_memory_commit_submit_seconds": 0.26494337245821953, "stage_memory_commit_wait_sync_seconds": 0.29568147379904985, "stage_metrics_seconds": 0.0, "stage_optimizer_all_reduce_seconds": 0.02025166992098093, "stage_optimizer_copyback_seconds": 0.08819353207945824, "stage_optimizer_flatten_seconds": 0.04988131206482649, "stage_optimizer_step_seconds": 0.38423418067395687, "stage_optimizer_steps": 207.0, "stage_optimizer_sync_seconds": 0.16325144562870264, "stage_sync_backward_seconds": 7.764901965856552e-05, "stage_sync_batch_wait_seconds": 9.855255484580994e-05, "stage_sync_encode_seconds": 0.00014245416969060898, "stage_sync_epoch_tail_seconds": 1.6391277313232422e-07, "stage_sync_finalize_seconds": 3.175809979438782e-07, "stage_sync_head_loss_seconds": 0.00012994371354579926, "stage_sync_memory_commit_seconds": 0.0001380573958158493, "stage_sync_metrics_seconds": 0.0, "stage_sync_optimizer_step_seconds": 0.00011376943439245224, "stage_unaccounted_seconds": 0.7090723589062691, "stage_wall_seconds": 4.101682680658996, "train_epoch_call_wall_seconds": 4.102017208002508, "train_metrics_reduce_wall_seconds": 0.006996926851570606}, "val": {"ap": 0.7181512307346052, "auc": 0.7570243815919138, "loss": 1.529916104106676}}], "execution_plan": "temporal_sampling", "rank": 0}
